 celib

 Timestamp is 3cdb7881 (Fri May 10 09:36:33 2002)

 Preferred load address is 10000000

 Start         Length     Name                   Class
 0001:00000000 00013c28H .text                   CODE
 0002:00000000 00000314H .idata$5                DATA
 0002:00000314 000005e1H .rdata                  DATA
 0002:000008f8 00000028H .idata$2                DATA
 0002:00000920 00000014H .idata$3                DATA
 0002:00000934 00000314H .idata$4                DATA
 0002:00000c48 00000180H .idata$6                DATA
 0003:00000000 00000004H .CRT$XCA                DATA
 0003:00000004 00000004H .CRT$XCZ                DATA
 0003:00000008 00000004H .CRT$XIA                DATA
 0003:0000000c 00000004H .CRT$XIZ                DATA
 0003:00000010 00000004H .CRT$XPA                DATA
 0003:00000014 00000004H .CRT$XPZ                DATA
 0003:00000018 00000004H .CRT$XTA                DATA
 0003:0000001c 00000004H .CRT$XTZ                DATA
 0003:00000020 0000383aH .data                   DATA
 0003:00003860 0000256cH .bss                    DATA
 0004:00000000 00002b23H .edata                  DATA
 0005:00000000 00000058H .rsrc$01                DATA
 0005:00000060 00000310H .rsrc$02                DATA

  Address         Publics by Value              Rva+Base     Lib:Object

 0001:00000000       _xcealarm                  10001000 f   alarm.obj
 0001:00000010       _xceascii2addr             10001010 f   ascii2addr.obj
 0001:00000080       _xceasctime                10001080 f   asctime.obj
 0001:00000240       _xcebcopy                  10001240 f   bsd.obj
 0001:00000259       _xcebcmp                   10001259 f   bsd.obj
 0001:00000272       _xcebzero                  10001272 f   bsd.obj
 0001:00000289       _xceindex                  10001289 f   bsd.obj
 0001:0000029e       _xcerindex                 1000129e f   bsd.obj
 0001:000002c0       _xcecalloc                 100012c0 f   calloc.obj
 0001:00000300       __setargv                  10001300 f   ceargv.obj
 0001:000006d0       _xcehandleassert           100016d0 f   ceassert.obj
 0001:00000750       _DebugBreak                10001750 f i ceassert.obj
 0001:00000760       _xcebsearch                10001760 f   cebsearch.obj
 0001:00000830       _XCEChooseColor@4          10001830 f   cecommdlg.obj
 0001:00000846       _XCEGetOpenFileNameA@4     10001846 f   cecommdlg.obj
 0001:00000ad3       _XCEGetSaveFileNameA@4     10001ad3 f   cecommdlg.obj
 0001:00000af0       _XCESetConsoleMode         10001af0 f   ceconsole.obj
 0001:00000b00       _xcetoupper                10001b00 f   cectype.obj
 0001:00000b13       _xcetolower                10001b13 f   cectype.obj
 0001:00000b26       _xceisascii                10001b26 f   cectype.obj
 0001:00000b36       _xceisalnum                10001b36 f   cectype.obj
 0001:00000b4d       _xceisalpha                10001b4d f   cectype.obj
 0001:00000b64       _xceisblank                10001b64 f   cectype.obj
 0001:00000b8b       _xceiscntrl                10001b8b f   cectype.obj
 0001:00000ba2       _xceisdigit                10001ba2 f   cectype.obj
 0001:00000bb9       _xceisgraph                10001bb9 f   cectype.obj
 0001:00000bd0       _xceislower                10001bd0 f   cectype.obj
 0001:00000be7       _xceisprint                10001be7 f   cectype.obj
 0001:00000c00       _xceispunct                10001c00 f   cectype.obj
 0001:00000c17       _xceisspace                10001c17 f   cectype.obj
 0001:00000c2e       _xceisupper                10001c2e f   cectype.obj
 0001:00000c45       _xceisxdigit               10001c45 f   cectype.obj
 0001:00000c60       _XCEShowWaitCursor         10001c60 f   cecursor.obj
 0001:00000c80       _XCEShowNormalCursor       10001c80 f   cecursor.obj
 0001:00000ca0       _XCETrace                  10001ca0 f   cedebug.obj
 0001:00000d97       _XCETraceW                 10001d97 f   cedebug.obj
 0001:00000df2       _XCEOpenTraceFile          10001df2 f   cedebug.obj
 0001:00000e60       _xceopendir                10001e60 f   cedir.obj
 0001:00000f9e       _xceclosedir               10001f9e f   cedir.obj
 0001:00000fca       _xcereaddir                10001fca f   cedir.obj
 0001:00001170       __appendenv                10002170 f   ceenv.obj
 0001:000011ee       __findenv                  100021ee f   ceenv.obj
 0001:0000126f       __replaceenv               1000226f f   ceenv.obj
 0001:00001300       __initenv_from_reg         10002300 f   ceenv.obj
 0001:000014d1       __initenv_from_envblock    100024d1 f   ceenv.obj
 0001:00001544       __initenv                  10002544 f   ceenv.obj
 0001:000015e1       _xcegetenv                 100025e1 f   ceenv.obj
 0001:000015f5       _xceputenv                 100025f5 f   ceenv.obj
 0001:0000162a       _xcesetenv                 1000262a f   ceenv.obj
 0001:000016b0       __winerror2errno           100026b0 f   ceerrno.obj
 0001:000017ce       _xceperror                 100027ce f   ceerrno.obj
 0001:000017fe       _xcestrerror               100027fe f   ceerrno.obj
 0001:00001880       _xceexecv                  10002880 f   ceexec.obj
 0001:0000189a       _xceexecvp                 1000289a f   ceexec.obj
 0001:000018b4       _xceexecl                  100028b4 f   ceexec.obj
 0001:000018ce       _xceexeclp                 100028ce f   ceexec.obj
 0001:000018f0       _XCECreateFontIndirectA@4  100028f0 f   cefonts.obj
 0001:00001997       _MyEnumFontFamProc@16      10002997 f   cefonts.obj
 0001:00001b4f       _XCEEnumFontFamilies@16    10002b4f f   cefonts.obj
 0001:00001bd0       _xcegettimeofday           10002bd0 f   cegettimeofday.obj
 0001:00001c04       _xcegettimeofday_timer     10002c04 f   cegettimeofday.obj
 0001:00001c40       _xceinit                   10002c40 f   ceinit.obj
 0001:00001d1a       _xcedllinit                10002d1a f   ceinit.obj
 0001:00001d30       __init_io                  10002d30 f   ceio.obj
 0001:00001fe3       __initfds                  10002fe3 f   ceio.obj
 0001:0000202a       __getnewfd                 1000302a f   ceio.obj
 0001:00002080       _xceget_osfhandle          10003080 f   ceio.obj
 0001:000020b1       _xcecreat                  100030b1 f   ceio.obj
 0001:000020fa       _xceopen                   100030fa f   ceio.obj
 0001:000022e9       _xceopenw                  100032e9 f   ceio.obj
 0001:000024b2       _xceopen_osfilehandle      100034b2 f   ceio.obj
 0001:0000251b       _xceclose                  1000351b f   ceio.obj
 0001:000025e5       _xceread                   100035e5 f   ceio.obj
 0001:00002800       _xcewrite                  10003800 f   ceio.obj
 0001:000029eb       _xcelseek                  100039eb f   ceio.obj
 0001:00002af5       _xceisatty                 10003af5 f   ceio.obj
 0001:00002b8b       _xcesetmode                10003b8b f   ceio.obj
 0001:00002bcf       _xceinitconsole            10003bcf f   ceio.obj
 0001:00002be7       _xceinitconsole2           10003be7 f   ceio.obj
 0001:00002c10       _xcegetfiletype            10003c10 f   ceio.obj
 0001:00002c5e       _xcesetfiletype            10003c5e f   ceio.obj
 0001:00002cb1       _xcedup                    10003cb1 f   ceio.obj
 0001:00002d4c       _xcedup2                   10003d4c f   ceio.obj
 0001:00002db2       _xcepipe                   10003db2 f   ceio.obj
 0001:00002e31       _xcefcntl                  10003e31 f   ceio.obj
 0001:00002fd3       _xceioctl                  10003fd3 f   ceio.obj
 0001:0000306e       _close_all_fds             1000406e f   ceio.obj
 0001:000030d0       _xceirda_getaddr           100040d0 f   ceirda.obj
 0001:00003230       _XCEToAscii@20             10004230 f   cekeyboard.obj
 0001:000032f1       _XCEVkKeyScan@4            100042f1 f   cekeyboard.obj
 0001:000033c4       _XCEUtil_VkToScancode      100043c4 f   cekeyboard.obj
 0001:00003430       _xcesetlocale              10004430 f   celocale.obj
 0001:00003460       _XCEGetDiskFreeSpaceExA@16 10004460 f   cemisc.obj
 0001:00003480       _XCESearchPathA@12         10004480 f   ceprocess.obj
 0001:0000364b       _XCEExecuteProcessA        1000464b f   ceprocess.obj
 0001:0000392c       _XCEWaitProcess            1000492c f   ceprocess.obj
 0001:00003975       _XCESearchPath2A@24        10004975 f   ceprocess.obj
 0001:00003aa0       _xceshared_init            10004aa0 f   ceshared2.obj
 0001:00003b89       _xceshared_reset           10004b89 f   ceshared2.obj
 0001:00003bb8       _xceshared_setshowwindow   10004bb8 f   ceshared2.obj
 0001:00003be2       _xceshared_setcwd          10004be2 f   ceshared2.obj
 0001:00003c06       _xceshared_setenvironblock 10004c06 f   ceshared2.obj
 0001:00003cb9       _xceshared_setstdhandle    10004cb9 f   ceshared2.obj
 0001:00003d78       _xceshared_getshowwindow   10004d78 f   ceshared2.obj
 0001:00003d92       _xceshared_getcwd          10004d92 f   ceshared2.obj
 0001:00003db7       _xceshared_getenvironblock 10004db7 f   ceshared2.obj
 0001:00003e39       _xceshared_getstdhandle    10004e39 f   ceshared2.obj
 0001:00003e8a       _xceshared_lock            10004e8a f   ceshared2.obj
 0001:00003ec3       _xceshared_release         10004ec3 f   ceshared2.obj
 0001:00003ed3       _pipe_setavail             10004ed3 f   ceshared2.obj
 0001:00003ee4       _pipe_getavail             10004ee4 f   ceshared2.obj
 0001:00003ef2       _pipe_write                10004ef2 f   ceshared2.obj
 0001:00004164       _pipe_read                 10005164 f   ceshared2.obj
 0001:00004423       _XCECreatePipe             10005423 f   ceshared2.obj
 0001:000046b4       _XCEReadFile               100056b4 f   ceshared2.obj
 0001:00004786       _XCEWriteFile              10005786 f   ceshared2.obj
 0001:00004856       _close_pipe                10005856 f   ceshared2.obj
 0001:00004a01       _pipe_increment_opencount  10005a01 f   ceshared2.obj
 0001:00004b35       _XCECloseHandle            10005b35 f   ceshared2.obj
 0001:00004b73       _XCEDuplicateHandle        10005b73 f   ceshared2.obj
 0001:00004c0a       _XCESetStdHandle           10005c0a f   ceshared2.obj
 0001:00004c8a       _XCEGetStdHandle           10005c8a f   ceshared2.obj
 0001:00004d3f       _XCEGetFileType            10005d3f f   ceshared2.obj
 0001:00004d97       _XCEPeekNamedPipe          10005d97 f   ceshared2.obj
 0001:00004e87       _xceshared_attach          10005e87 f   ceshared2.obj
 0001:00004e8e       _xceshared_detach          10005e8e f   ceshared2.obj
 0001:00004f10       _SetEvent                  10005f10 f i ceshared2.obj
 0001:00004f20       _xcesignal                 10005f20 f   cesignal.obj
 0001:00004f77       _xceraise                  10005f77 f   cesignal.obj
 0001:00005002       _sigaction                 10006002 f   cesignal.obj
 0001:00005009       _sigprocmask               10006009 f   cesignal.obj
 0001:00005010       _sigaddset                 10006010 f   cesignal.obj
 0001:0000502d       _sigemptyset               1000602d f   cesignal.obj
 0001:0000503d       _sigsuspend                1000603d f   cesignal.obj
 0001:00005044       _xcekill                   10006044 f   cesignal.obj
 0001:00005070       _xcefstat                  10006070 f   cestat.obj
 0001:000053d8       _xcestat_old               100063d8 f   cestat.obj
 0001:000054da       _xcestat                   100064da f   cestat.obj
 0001:00005a2e       _xcelstat                  10006a2e f   cestat.obj
 0001:00005a50       _palm_init_stdio           10006a50 f   cestdio-palmsize.obj
 0001:00005b5b       _palm_fsetmode             10006b5b f   cestdio-palmsize.obj
 0001:00005bab       _palm_fgetmode             10006bab f   cestdio-palmsize.obj
 0001:00005bca       _palm_fdopen               10006bca f   cestdio-palmsize.obj
 0001:00005e0a       _palm_fopen                10006e0a f   cestdio-palmsize.obj
 0001:00005ec3       _palm_fclose               10006ec3 f   cestdio-palmsize.obj
 0001:00005f7a       _palm_printf               10006f7a f   cestdio-palmsize.obj
 0001:00005fbe       _palm_fprintf              10006fbe f   cestdio-palmsize.obj
 0001:0000600a       _palm_vprintf              1000700a f   cestdio-palmsize.obj
 0001:00006046       _palm_ferror               10007046 f   cestdio-palmsize.obj
 0001:00006076       _palm_clearerr             10007076 f   cestdio-palmsize.obj
 0001:00006095       _palm_fflush               10007095 f   cestdio-palmsize.obj
 0001:000061ec       _palm_feof                 100071ec f   cestdio-palmsize.obj
 0001:00006213       _palm_fwrite               10007213 f   cestdio-palmsize.obj
 0001:00006288       _palm_fread                10007288 f   cestdio-palmsize.obj
 0001:0000642e       _palm_gets                 1000742e f   cestdio-palmsize.obj
 0001:00006492       _palm_fgets                10007492 f   cestdio-palmsize.obj
 0001:000064fa       _palm_vfprintf             100074fa f   cestdio-palmsize.obj
 0001:000065fd       _palm_getc                 100075fd f   cestdio-palmsize.obj
 0001:000066cd       _palm_putc                 100076cd f   cestdio-palmsize.obj
 0001:00006782       _palm_fputc                10007782 f   cestdio-palmsize.obj
 0001:00006797       _palm_putchar              10007797 f   cestdio-palmsize.obj
 0001:000067ae       _palm_getchar              100077ae f   cestdio-palmsize.obj
 0001:000067c1       _palm_fgetc                100077c1 f   cestdio-palmsize.obj
 0001:000067d2       _palm_fileno               100077d2 f   cestdio-palmsize.obj
 0001:000067e6       _palm_ungetc               100077e6 f   cestdio-palmsize.obj
 0001:00006846       _palm_ftell                10007846 f   cestdio-palmsize.obj
 0001:00006886       _palm_fseek                10007886 f   cestdio-palmsize.obj
 0001:000068e4       _palm_puts                 100078e4 f   cestdio-palmsize.obj
 0001:0000690e       _palm_fputs                1000790e f   cestdio-palmsize.obj
 0001:0000695a       _palm_freopen              1000795a f   cestdio-palmsize.obj
 0001:00006a5a       _palm_fgetpos              10007a5a f   cestdio-palmsize.obj
 0001:00006a86       _palm_fsetpos              10007a86 f   cestdio-palmsize.obj
 0001:00006aaa       _palm_flushall             10007aaa f   cestdio-palmsize.obj
 0001:00006aee       _palm_fcloseall            10007aee f   cestdio-palmsize.obj
 0001:00006b32       _palm_setvbuf              10007b32 f   cestdio-palmsize.obj
 0001:00006beb       _palm_rewind               10007beb f   cestdio-palmsize.obj
 0001:00006c0b       _xcefopen                  10007c0b f   cestdio-palmsize.obj
 0001:00006c20       _xcefclose                 10007c20 f   cestdio-palmsize.obj
 0001:00006c31       _xcefreopen                10007c31 f   cestdio-palmsize.obj
 0001:00006c50       _xcepopen_read             10007c50 f   cestdio.obj
 0001:00006d89       _xcepopen_write            10007d89 f   cestdio.obj
 0001:00006ec3       _xcepopen                  10007ec3 f   cestdio.obj
 0001:00006f21       _xcepclose                 10007f21 f   cestdio.obj
 0001:00006f32       _xceprinterror             10007f32 f   cestdio.obj
 0001:00006f60       _xcegetcwd                 10007f60 f   cestdlib.obj
 0001:00006faf       _xceabort                  10007faf f   cestdlib.obj
 0001:00006ff2       _xcesystem                 10007ff2 f   cestdlib.obj
 0001:00007007       _xcelocking                10008007 f   cestdlib.obj
 0001:0000700e       _xceumask                  1000800e f   cestdlib.obj
 0001:0000702a       _xcemkdir                  1000802a f   cestdlib.obj
 0001:00007067       _xcermdir                  10008067 f   cestdlib.obj
 0001:000070a2       _xcerename                 100080a2 f   cestdlib.obj
 0001:0000710c       _xceremove                 1000810c f   cestdlib.obj
 0001:00007147       _xcechmod                  10008147 f   cestdlib.obj
 0001:000071d0       _xceaccess                 100081d0 f   cestdlib.obj
 0001:000071f5       _xceunlink                 100081f5 f   cestdlib.obj
 0001:00007230       _xcegetpid                 10008230 f   cestdlib.obj
 0001:00007248       _xcechdir                  10008248 f   cestdlib.obj
 0001:00007261       _xcemktemp                 10008261 f   cestdlib.obj
 0001:000072eb       _xcechroot                 100082eb f   cestdlib.obj
 0001:000072ff       _xceexit                   100082ff f   cestdlib.obj
 0001:0000732e       _xceclock                  1000832e f   cestdlib.obj
 0001:00007338       _xcetimes                  10008338 f   cestdlib.obj
 0001:000073b0       _xcestrrchr                100083b0 f   cestr.obj
 0001:00007409       _xcestrdup                 10008409 f   cestr.obj
 0001:00007450       _xcestrndup                10008450 f   cestr.obj
 0001:0000749e       _xcestrnicmp               1000849e f   cestr.obj
 0001:00007529       _xcestrncasecmp            10008529 f   cestr.obj
 0001:00007542       _xcestrupr                 10008542 f   cestr.obj
 0001:0000758c       _xcestrlwr                 1000858c f   cestr.obj
 0001:000075d6       _xcestricmp                100085d6 f   cestr.obj
 0001:000075eb       _xcestrcasecmp             100085eb f   cestr.obj
 0001:00007600       _xcestrcmpi                10008600 f   cestr.obj
 0001:00007672       _xcestrtod                 10008672 f   cestr.obj
 0001:00007708       _xcestrtol                 10008708 f   cestr.obj
 0001:000077a2       _xcestrtoul                100087a2 f   cestr.obj
 0001:0000783a       _xcestrcoll                1000883a f   cestr.obj
 0001:0000784f       _xceatof                   1000884f f   cestr.obj
 0001:00007870       __init_multithread         10008870 f   cethread.obj
 0001:0000788d       __xcebeginthread           1000888d f   cethread.obj
 0001:0000794c       __threadstart@4            1000894c f   cethread.obj
 0001:00007989       __xceendthread             10008989 f   cethread.obj
 0001:000079cc       __initptd                  100089cc f   cethread.obj
 0001:000079eb       __freeptd                  100089eb f   cethread.obj
 0001:00007a2d       __getptd                   10008a2d f   cethread.obj
 0001:00007ab2       __xcebeginthreadex         10008ab2 f   cethread.obj
 0001:00007b4f       __threadstartex@4          10008b4f f   cethread.obj
 0001:00007b97       __xceendthreadex           10008b97 f   cethread.obj
 0001:00007bd0       _TlsAlloc@0                10008bd0 f i cethread.obj
 0001:00007be0       _xcegettimezonename        10008be0 f   cetimezone.obj
 0001:00007c50       _xcetmpnam                 10008c50 f   cetmpnam.obj
 0001:00007ca0       _XCEMakeUnicode@8          10008ca0 f   ceunicode.obj
 0001:00007cf0       _XCEShowMessageA           10008cf0 f   ceutil.obj
 0001:00007d5d       _XCEShowMessageW           10008d5d f   ceutil.obj
 0001:00007dac       _XCEToDosPath              10008dac f   ceutil.obj
 0001:00007de5       _XCEToUnixPath             10008de5 f   ceutil.obj
 0001:00007e1e       _XCEGetEnvironmentVariableFromRegA 10008e1e f   ceutil.obj
 0001:00007efa       _XCESetEnvironmentVariableInRegA 10008efa f   ceutil.obj
 0001:00007f68       _XCEGetRegStringA          10008f68 f   ceutil.obj
 0001:00008039       _XCESetRegStringA          10009039 f   ceutil.obj
 0001:000080b0       _xcewctomb                 100090b0 f   cewchar.obj
 0001:000080c2       _xcembtowc                 100090c2 f   cewchar.obj
 0001:000080e7       _xcemblen                  100090e7 f   cewchar.obj
 0001:00008100       _XCEGetFileInformationByHandle@8 10009100 f   cewin32.obj
 0001:00008114       _XCEGetUserNameA@8         10009114 f   cewin32.obj
 0001:00008170       _XCEGetComputerNameA@8     10009170 f   cewin32.obj
 0001:000081cc       _XCEGetCharABCWidthsA@16   100091cc f   cewin32.obj
 0001:0000825a       _XCEGetCharABCWidthsW@16   1000925a f   cewin32.obj
 0001:000082e8       _XCEGetVersionExA@4        100092e8 f   cewin32.obj
 0001:00008350       _XCESendMessageA@16        10009350 f   cewin32.obj
 0001:000084f2       _XCEPostMessageA@16        100094f2 f   cewin32.obj
 0001:0000850e       _XCEPostThreadMessageA@16  1000950e f   cewin32.obj
 0001:0000852a       _XCEPeekMessageA@20        1000952a f   cewin32.obj
 0001:0000854a       _XCEGetMessageA@16         1000954a f   cewin32.obj
 0001:00008566       _XCEDispatchMessageA@4     10009566 f   cewin32.obj
 0001:00008576       _XCECreateEventA@16        10009576 f   cewin32.obj
 0001:000085f0       _XCEGetModuleFileNameA@12  100095f0 f   cewin32.obj
 0001:0000865a       _XCESetWindowTextA@8       1000965a f   cewin32.obj
 0001:000086c6       _XCEGetWindowTextA@12      100096c6 f   cewin32.obj
 0001:000086e0       _XCEMessageBoxA@16         100096e0 f   cewin32.obj
 0001:000087bb       _XCEExtTextOutA@32         100097bb f   cewin32.obj
 0001:0000883d       _XCEAttachThreadInput@12   1000983d f   cewin32.obj
 0001:00008846       _XCEGetSystemTimeAsFileTime@4 10009846 f   cewin32.obj
 0001:00008868       _XCEGetScrollPos@8         10009868 f   cewin32.obj
 0001:00008896       _XCESetScrollPos@16        10009896 f   cewin32.obj
 0001:000088cb       _XCEAdjustWindowRect@12    100098cb f   cewin32.obj
 0001:000088e5       _XCEMapVirtualKeyA@8       100098e5 f   cewin32.obj
 0001:000088f9       _XCEGetTextExtentExPointA@28 100098f9 f   cewin32.obj
 0001:00008969       _XCEGetObjectA@12          10009969 f   cewin32.obj
 0001:000089d7       _XCEGetTextMetricsA@8      100099d7 f   cewin32.obj
 0001:00008aa9       _XCEAppendMenuA@16         10009aa9 f   cewin32.obj
 0001:00008b29       _XCECreateWindowExA@48     10009b29 f   cewin32.obj
 0001:00008bed       _XCECreateWindowA@44       10009bed f   cewin32.obj
 0001:00008c27       _XCEGetModuleHandleA@4     10009c27 f   cewin32.obj
 0001:00008cb7       _XCECreateFileMappingA@24  10009cb7 f   cewin32.obj
 0001:00008d39       _XCEGetEnvironmentVariableA@12 10009d39 f   cewin32.obj
 0001:00008d98       _XCELoadLibraryA@4         10009d98 f   cewin32.obj
 0001:00008e5c       _XCEGetProcAddressA@8      10009e5c f   cewin32.obj
 0001:00008eba       _XCEFindWindowA@8          10009eba f   cewin32.obj
 0001:00008f3d       _XCEBuildCommDCBA@8        10009f3d f   cewin32.obj
 0001:000092b6       _XCECharLowerA@4           1000a2b6 f   cewin32.obj
 0001:0000930d       _XCECharUpperA@4           1000a30d f   cewin32.obj
 0001:00009364       _XCEGetFullPathNameA@16    1000a364 f   cewin32.obj
 0001:0000947f       _XCEGetShortPathNameA@12   1000a47f f   cewin32.obj
 0001:0000949f       _XCEGetTempFileNameA@16    1000a49f f   cewin32.obj
 0001:0000952d       _XCEGetTempPathA@8         1000a52d f   cewin32.obj
 0001:000095af       _XCEGetVolumeInformationA@32 1000a5af f   cewin32.obj
 0001:000095c5       _XCEwsprintfA              1000a5c5 f   cewin32.obj
 0001:000095f6       _XCElstrcmpA@8             1000a5f6 f   cewin32.obj
 0001:0000960d       _XCElstrcmpiA@8            1000a60d f   cewin32.obj
 0001:00009624       _XCElstrcpyA@8             1000a624 f   cewin32.obj
 0001:0000963b       _XCElstrcpynA@12           1000a63b f   cewin32.obj
 0001:00009656       _XCElstrlenA@4             1000a656 f   cewin32.obj
 0001:00009669       _XCESetErrorMode@4         1000a669 f   cewin32.obj
 0001:00009687       _XCEExitProcess@4          1000a687 f   cewin32.obj
 0001:0000969a       _XCEGetTextExtentPoint32W@16 1000a69a f   cewin32.obj
 0001:000096bc       _XCEGetTextExtentPoint32A@16 1000a6bc f   cewin32.obj
 0001:00009734       _XCETextOutA@20            1000a734 f   cewin32.obj
 0001:00009766       _XCETextOutW@20            1000a766 f   cewin32.obj
 0001:00009798       _XCEGetCharWidthA@16       1000a798 f   cewin32.obj
 0001:00009801       _XCEGetCharWidthW@16       1000a801 f   cewin32.obj
 0001:0000986a       _XCEGetFontData@20         1000a86a f   cewin32.obj
 0001:00009874       _XCEGetTextCharset@4       1000a874 f   cewin32.obj
 0001:0000987d       _XCEGetVersion@0           1000a87d f   cewin32.obj
 0001:000098b1       _XCEExtCreatePen@20        1000a8b1 f   cewin32.obj
 0001:000098c7       _XCEOutputDebugStringA@4   1000a8c7 f   cewin32.obj
 0001:00009922       _XCELoadCursorA@8          1000a922 f   cewin32.obj
 0001:00009998       _XCELoadIconA@8            1000a998 f   cewin32.obj
 0001:00009a0e       _XCEGetDlgItemTextA@16     1000aa0e f   cewin32.obj
 0001:00009a73       _XCESetDlgItemTextA@12     1000aa73 f   cewin32.obj
 0001:00009adc       _XCEGetWindowLongA@8       1000aadc f   cewin32.obj
 0001:00009afb       _XCESetWindowLongA@12      1000aafb f   cewin32.obj
 0001:00009b1e       _XCEIsIconic@4             1000ab1e f   cewin32.obj
 0001:00009b27       _XCEIsZoomed@4             1000ab27 f   cewin32.obj
 0001:00009b30       _XCERegisterClassA@4       1000ab30 f   cewin32.obj
 0001:00009bbb       _XCEUnregisterClassA@8     1000abbb f   cewin32.obj
 0001:00009c1a       _XCEMulDiv@12              1000ac1a f   cewin32.obj
 0001:00009c57       _XCEDefWindowProcA@16      1000ac57 f   cewin32.obj
 0001:00009c73       _XCESendDlgItemMessageA@20 1000ac73 f   cewin32.obj
 0001:00009d74       _XCECallWindowProcA@20     1000ad74 f   cewin32.obj
 0001:00009d94       _XCEGetTextFaceA@12        1000ad94 f   cewin32.obj
 0001:00009def       _XCECreateDCA@16           1000adef f   cewin32.obj
 0001:00009e6d       _XCEInsertMenuA@20         1000ae6d f   cewin32.obj
 0001:00009ee6       _XCEGetWindowPlacement@8   1000aee6 f   cewin32.obj
 0001:00009f1c       _XCEMoveWindow@24          1000af1c f   cewin32.obj
 0001:00009f6b       _XCECopyMemory@12          1000af6b f   cewin32.obj
 0001:00009f86       _XCEGetDesktopWindow@0     1000af86 f   cewin32.obj
 0001:00009f8d       _XCEStretchDIBits@52       1000af8d f   cewin32.obj
 0001:0000a0ff       _XCEFillRect@12            1000b0ff f   cewin32.obj
 0001:0000a168       _XCEFormatMessageA         1000b168 f   cewin32.obj
 0001:0000a218       _XCECreateMutexA           1000b218 f   cewin32.obj
 0001:0000a264       _XCECreateProcessA         1000b264 f   cewin32.obj
 0001:0000a7a7       _XCEFreeEnvironmentStrings 1000b7a7 f   cewin32.obj
 0001:0000a7bd       _XCEGetEnvironmentStrings  1000b7bd f   cewin32.obj
 0001:0000a89c       _XCEDialogBoxIndirectParamA 1000b89c f   cewin32.obj
 0001:0000a8ba       _XCEFindResourceA@12       1000b8ba f   cewin32.obj
 0001:0000a988       _XCEZeroMemory             1000b988 f   cewin32.obj
 0001:0000a99f       _XCEGetCommandLineA        1000b99f f   cewin32.obj
 0001:0000a9a9       _XCEGetWindowTextLengthA@4 1000b9a9 f   cewin32.obj
 0001:0000a9b9       _XCEGetMenuItemInfoA@16    1000b9b9 f   cewin32.obj
 0001:0000a9e5       _XCERegisterWindowMessageA@4 1000b9e5 f   cewin32.obj
 0001:0000aa18       _XCESetClassLongA@12       1000ba18 f   cewin32.obj
 0001:0000aa30       _XCEGetClassNameA@12       1000ba30 f   cewin32.obj
 0001:0000aa83       _XCECreateFontA@56         1000ba83 f   cewin32.obj
 0001:0000ab00       _xcechown                  1000bb00 f   chown.obj
 0001:0000ab10       _XCECopyFileA@12           1000bb10 f   copyfile.obj
 0001:0000abcd       _XCECopyFileW@12           1000bbcd f   copyfile.obj
 0001:0000ac20       _XCECreateDirectoryA@8     1000bc20 f   createdir.obj
 0001:0000ac60       _XCECreateDirectoryW@8     1000bc60 f   createdir.obj
 0001:0000aca0       _XCECreateFileA@28         1000bca0 f   createfile.obj
 0001:0000acfa       _XCECreateFileW@28         1000bcfa f   createfile.obj
 0001:0000ae10       _XCECreateFileForMappingA@28 1000be10 f   createfilemap.obj
 0001:0000ae6a       _XCECreateFileForMappingW@28 1000be6a f   createfilemap.obj
 0001:0000af10       _xcectime                  1000bf10 f   ctime.obj
 0001:0000af40       _XCEGetCurrentDirectoryA@8 1000bf40 f   currentdir.obj
 0001:0000af84       _XCEGetCurrentDirectoryW@8 1000bf84 f   currentdir.obj
 0001:0000afac       _XCESetCurrentDirectoryA@4 1000bfac f   currentdir.obj
 0001:0000afe2       _XCESetCurrentDirectoryW@4 1000bfe2 f   currentdir.obj
 0001:0000b077       _XCEGetCurrentRootDirectoryA 1000c077 f   currentdir.obj
 0001:0000b0bc       _XCEGetCurrentRootDirectoryW 1000c0bc f   currentdir.obj
 0001:0000b0e4       _XCESetCurrentRootDirectoryA 1000c0e4 f   currentdir.obj
 0001:0000b11b       _XCESetCurrentRootDirectoryW 1000c11b f   currentdir.obj
 0001:0000b1b0       _XCEDeleteFileA@4          1000c1b0 f   deletefile.obj
 0001:0000b1e6       _XCEDeleteFileW@4          1000c1e6 f   deletefile.obj
 0001:0000b220       _DllMain@12                1000c220 f   dllmain.obj
 0001:0000b260       ___loctotime_t             1000c260 f   dtoxtime.obj
 0001:0000b350       _XCEGetFileAttributesA@4   1000c350 f   fileattr.obj
 0001:0000b392       _XCESetFileAttributesA@8   1000c392 f   fileattr.obj
 0001:0000b3d8       _XCEGetFileAttributesW@4   1000c3d8 f   fileattr.obj
 0001:0000b412       _XCESetFileAttributesW@8   1000c412 f   fileattr.obj
 0001:0000b450       _XCEFindFirstFileA@8       1000c450 f   findfile.obj
 0001:0000b537       _XCEFindNextFileA@8        1000c537 f   findfile.obj
 0001:0000b66e       _XCEFindFirstFileW@8       1000c66e f   findfile.obj
 0001:0000b75a       _XCEFindNextFileW@8        1000c75a f   findfile.obj
 0001:0000b770       _XCEFixPathA               1000c770 f   fixpath.obj
 0001:0000b7d0       _XCEFixPathW               1000c7d0 f   fixpath.obj
 0001:0000b8c1       _XCECanonicalizePathW      1000c8c1 f   fixpath.obj
 0001:0000ba70       _xcefnmatch                1000ca70 f   fnmatch.obj
 0001:0000c040       _xceftime                  1000d040 f   ftime.obj
 0001:0000c1c0       _xceftruncate              1000d1c0 f   ftruncate.obj
 0001:0000c227       _xcechsize                 1000d227 f   ftruncate.obj
 0001:0000c240       _xcegetopt                 1000d240 f   getopt.obj
 0001:0000c570       _xcesetgid                 1000d570 f   gid.obj
 0001:0000c577       _xcesetegid                1000d577 f   gid.obj
 0001:0000c57e       _xcegetgid                 1000d57e f   gid.obj
 0001:0000c585       _xcegetegid                1000d585 f   gid.obj
 0001:0000c58c       _xceinitgroups             1000d58c f   gid.obj
 0001:0000c5a0       _xceglob                   1000d5a0 f   glob.obj
 0001:0000db7f       _xceglobfree               1000eb7f f   glob.obj
 0001:0000de80       _xcegmtime                 1000ee80 f   gmtime.obj
 0001:0000e050       _xceinet_aton              1000f050 f   inet_aton.obj
 0001:0000e260       _xcelocalhost              1000f260 f   localhost.obj
 0001:0000e2a0       _xcelocaltime              1000f2a0 f   localtim.obj
 0001:0000e500       _xcelogwtmp                1000f500 f   logwtmp.obj
 0001:0000e610       _XCEGetUnixPath            1000f610 f   makeunixpath.obj
 0001:0000e6d0       _xcemktime                 1000f6d0 f   mktime.obj
 0001:0000e6e3       __mkgmtime                 1000f6e3 f   mktime.obj
 0001:0000ea00       _XCEMoveFileA@8            1000fa00 f   movefile.obj
 0001:0000eab9       _XCEMoveFileW@8            1000fab9 f   movefile.obj
 0001:0000eb10       _xcesetpwent               1000fb10 f   pwd.obj
 0001:0000ebb0       _xcegetpwent               1000fbb0 f   pwd.obj
 0001:0000edbf       _xceendpwent               1000fdbf f   pwd.obj
 0001:0000ede5       _xcegetpwnam               1000fde5 f   pwd.obj
 0001:0000ee29       _xcegetpwuid               1000fe29 f   pwd.obj
 0001:0000ee67       _xcegetusershell           1000fe67 f   pwd.obj
 0001:0000ee71       _xceendusershell           1000fe71 f   pwd.obj
 0001:0000ee76       _xceputpwent               1000fe76 f   pwd.obj
 0001:0000ef1b       _xcegetpass                1000ff1b f   pwd.obj
 0001:0000ef8a       _xcegetlogin               1000ff8a f   pwd.obj
 0001:0000efe0       _xcercmd                   1000ffe0 f   rcmd.obj
 0001:0000f4d0       _XCERegCreateKeyExA@36     100104d0 f   registry.obj
 0001:0000f52e       _XCERegOpenKeyExA@20       1001052e f   registry.obj
 0001:0000f580       _XCERegQueryValueExA@24    10010580 f   registry.obj
 0001:0000f6a0       _XCERegSetValueExA@24      100106a0 f   registry.obj
 0001:0000f742       _XCERegEnumValueA@32       10010742 f   registry.obj
 0001:0000f893       _XCERegCloseKey            10010893 f   registry.obj
 0001:0000f8a1       _XCERegDeleteKeyA@8        100108a1 f   registry.obj
 0001:0000f900       _XCERegEnumKeyExA@32       10010900 f   registry.obj
 0001:0000f9c7       _XCERegCreateKeyA@12       100109c7 f   registry.obj
 0001:0000f9f0       _XCERegOpenKeyA@12         100109f0 f   registry.obj
 0001:0000fa0f       _XCERegEnumKeyA@16         10010a0f f   registry.obj
 0001:0000fa5a       _XCERegDeleteValueA@8      10010a5a f   registry.obj
 0001:0000fabf       _RegEnumKeyA@16            10010abf f   registry.obj
 0001:0000fb10       _XCERemoveDirectoryA@4     10010b10 f   removedir.obj
 0001:0000fb78       _XCERemoveDirectoryW@4     10010b78 f   removedir.obj
 0001:0000fbb0       _xcerexec                  10010bb0 f   rexec.obj
 0001:00010050       _xcesleep                  10011050 f   sleep.obj
 0001:00010070       _xcesnprintf               10011070 f   snprintf.obj
 0001:000100b0       _xcestrftime               100110b0 f   strftime.obj
 0001:00010990       _xcestrpbrk                10011990 f   strpbrk.obj
 0001:00010a30       _xcestrsep                 10011a30 f   strsep.obj
 0001:00010ac0       _xcestrspn                 10011ac0 f   strspn.obj
 0001:00010b60       _xceconnectlog             10011b60 f   syslog.obj
 0001:00010b67       _xceopenlog                10011b67 f   syslog.obj
 0001:00010ba6       _xcecloselog               10011ba6 f   syslog.obj
 0001:00010bb5       _xcesyslog                 10011bb5 f   syslog.obj
 0001:00010bde       _xcevsyslog                10011bde f   syslog.obj
 0001:00011080       _termios_init              10012080 f   termios.obj
 0001:000110b4       _tcsetattr                 100120b4 f   termios.obj
 0001:000110e1       _tcgetattr                 100120e1 f   termios.obj
 0001:0001110e       _cfgetispeed               1001210e f   termios.obj
 0001:00011118       _cfgetospeed               10012118 f   termios.obj
 0001:00011122       _cfsetispeed               10012122 f   termios.obj
 0001:00011129       _cfsetospeed               10012129 f   termios.obj
 0001:00011130       _xcetime                   10012130 f   time.obj
 0001:000112b0       ___tzset                   100122b0 f   tzset.obj
 0001:000112d9       __xcetzset                 100122d9 f   tzset.obj
 0001:00011639       __isindst                  10012639 f   tzset.obj
 0001:00011b30       _xcesetuid                 10012b30 f   uid.obj
 0001:00011b37       _xceseteuid                10012b37 f   uid.obj
 0001:00011b3e       _xcegetuid                 10012b3e f   uid.obj
 0001:00011b45       _xcegeteuid                10012b45 f   uid.obj
 0001:00011b50       _xceutime                  10012b50 f   utime.obj
 0001:00011b9b       _xcefutime                 10012b9b f   utime.obj
 0001:00011d50       _xcegetservbyname          10012d50 f   wsdb.obj
 0001:00011ec1       _xcegetservbyport          10012ec1 f   wsdb.obj
 0001:0001201b       _xcegetprotobyname         1001301b f   wsdb.obj
 0001:0001209a       _xcegetprotobynumber       1001309a f   wsdb.obj
 0001:00012100       _xcesocket                 10013100 f   wssocket.obj
 0001:0001219a       _xceaccept                 1001319a f   wssocket.obj
 0001:0001228a       _xcebind                   1001328a f   wssocket.obj
 0001:0001230a       _xceconnect                1001330a f   wssocket.obj
 0001:0001238a       _xcegetpeername            1001338a f   wssocket.obj
 0001:0001240a       _xcegetsockname            1001340a f   wssocket.obj
 0001:0001248a       _xcegetsockopt             1001348a f   wssocket.obj
 0001:00012519       _xceioctlsocket            10013519 f   wssocket.obj
 0001:000125ea       _xcelisten                 100135ea f   wssocket.obj
 0001:0001266d       _xcerecv                   1001366d f   wssocket.obj
 0001:000126f8       _xcerecvfrom               100136f8 f   wssocket.obj
 0001:000127ae       _xcesend                   100137ae f   wssocket.obj
 0001:00012839       _xcesendto                 10013839 f   wssocket.obj
 0001:000128cc       _xcesetsockopt             100138cc f   wssocket.obj
 0001:00012978       _xceshutdown               10013978 f   wssocket.obj
 0001:000129fb       _xceselect                 100139fb f   wssocket.obj
 0001:00013510       _xceclosesocket            10014510 f   wssocket.obj
 0001:00013530       _xcewsstart                10014530 f   wsstart.obj
 0001:00013584       _xcewsstop                 10014584 f   wsstart.obj
 0001:00013590       _xcewsstrerror             10014590 f   wsstrerror.obj
 0001:000135ef       _xcewserror                100145ef f   wsstrerror.obj
 0001:00013645       _xcewinstrerror            10014645 f   wsstrerror.obj
 0001:000136a4       _xcewinperror              100146a4 f   wsstrerror.obj
 0001:000136fa       _SetLastError@4            100146fa f   coredll:COREDLL.dll
 0001:00013700       _strncat                   10014700 f   coredll:COREDLL.dll
 0001:00013706       _memmove                   10014706 f   coredll:COREDLL.dll
 0001:0001370c       _memcmp                    1001470c f   coredll:COREDLL.dll
 0001:00013712       _memset                    10014712 f   coredll:COREDLL.dll
 0001:00013718       _strchr                    10014718 f   coredll:COREDLL.dll
 0001:0001371e       _malloc                    1001471e f   coredll:COREDLL.dll
 0001:00013724       _free                      10014724 f   coredll:COREDLL.dll
 0001:0001372a       _realloc                   1001472a f   coredll:COREDLL.dll
 0001:00013730       _MessageBoxW@16            10014730 f   coredll:COREDLL.dll
 0001:00013736       _MultiByteToWideChar@24    10014736 f   coredll:COREDLL.dll
 0001:0001373c       _vsprintf                  1001473c f   coredll:COREDLL.dll
 0001:00013742       _WideCharToMultiByte@32    10014742 f   coredll:COREDLL.dll
 0001:00013748       _GetSaveFileNameW@4        10014748 f   coredll:COREDLL.dll
 0001:0001374e       _GetOpenFileNameW@4        1001474e f   coredll:COREDLL.dll
 0001:00013754       _memcpy                    10014754 f   coredll:COREDLL.dll
 0001:0001375a       _SetCursor@4               1001475a f   coredll:COREDLL.dll
 0001:00013760       _LoadCursorW@8             10014760 f   coredll:COREDLL.dll
 0001:00013766       _OutputDebugStringW@4      10014766 f   coredll:COREDLL.dll
 0001:0001376c       _FlushFileBuffers@4        1001476c f   coredll:COREDLL.dll
 0001:00013772       _WriteFile@20              10014772 f   coredll:COREDLL.dll
 0001:00013778       _strlen                    10014778 f   coredll:COREDLL.dll
 0001:0001377e       _SetFilePointer@16         1001477e f   coredll:COREDLL.dll
 0001:00013784       _strcat                    10014784 f   coredll:COREDLL.dll
 0001:0001378a       _sprintf                   1001478a f   coredll:COREDLL.dll
 0001:00013790       _GetCurrentThreadId@0      10014790 f   coredll:COREDLL.dll
 0001:00013796       _wcscat                    10014796 f   coredll:COREDLL.dll
 0001:0001379c       _vswprintf                 1001479c f   coredll:COREDLL.dll
 0001:000137a2       _CreateFileW@28            100147a2 f   coredll:COREDLL.dll
 0001:000137a8       _strcpy                    100147a8 f   coredll:COREDLL.dll
 0001:000137ae       _strcmp                    100147ae f   coredll:COREDLL.dll
 0001:000137b4       _FindClose@4               100147b4 f   coredll:COREDLL.dll
 0001:000137ba       _strncmp                   100147ba f   coredll:COREDLL.dll
 0001:000137c0       _atoi                      100147c0 f   coredll:COREDLL.dll
 0001:000137c6       __alloca_probe             100147c6 f   coredll:COREDLL.dll
 0001:000137cc       _GetLastError@0            100147cc f   coredll:COREDLL.dll
 0001:000137d2       _CreateFontIndirectW@4     100147d2 f   coredll:COREDLL.dll
 0001:000137d8       _EnumFontFamiliesW@16      100147d8 f   coredll:COREDLL.dll
 0001:000137de       _GetTickCount@0            100147de f   coredll:COREDLL.dll
 0001:000137e4       _wcslen                    100147e4 f   coredll:COREDLL.dll
 0001:000137ea       _Sleep@4                   100147ea f   coredll:COREDLL.dll
 0001:000137f0       _CloseHandle@4             100147f0 f   coredll:COREDLL.dll
 0001:000137f6       _GetExitCodeProcess@8      100147f6 f   coredll:COREDLL.dll
 0001:000137fc       _WaitForSingleObject@8     100147fc f   coredll:COREDLL.dll
 0001:00013802       _strstr                    10014802 f   coredll:COREDLL.dll
 0001:00013808       _OpenProcess@12            10014808 f   coredll:COREDLL.dll
 0001:0001380e       _MapViewOfFile@20          1001480e f   coredll:COREDLL.dll
 0001:00013814       _CreateFileMappingW@24     10014814 f   coredll:COREDLL.dll
 0001:0001381a       _CreateMutexW@12           1001481a f   coredll:COREDLL.dll
 0001:00013820       _ReleaseMutex@4            10014820 f   coredll:COREDLL.dll
 0001:00013826       _EventModify@8             10014826 f   coredll:COREDLL.dll
 0001:0001382c       _ReadFile@20               1001482c f   coredll:COREDLL.dll
 0001:00013832       _GetCurrentProcess@0       10014832 f   coredll:COREDLL.dll
 0001:00013838       _FileTimeToSystemTime@8    10014838 f   coredll:COREDLL.dll
 0001:0001383e       _FileTimeToLocalFileTime@8 1001483e f   coredll:COREDLL.dll
 0001:00013844       __vsnprintf                10014844 f   coredll:COREDLL.dll
 0001:0001384a       _strncpy                   1001484a f   coredll:COREDLL.dll
 0001:00013850       _GetCurrentProcessId@0     10014850 f   coredll:COREDLL.dll
 0001:00013856       _TerminateProcess@8        10014856 f   coredll:COREDLL.dll
 0001:0001385c       _GetThreadTimes@20         1001485c f   coredll:COREDLL.dll
 0001:00013862       _GetCurrentThread@0        10014862 f   coredll:COREDLL.dll
 0001:00013868       __alldiv                   10014868 f   coredll:COREDLL.dll
 0001:0001386e       _wcstod                    1001486e f   coredll:COREDLL.dll
 0001:00013874       _wcstol                    10014874 f   coredll:COREDLL.dll
 0001:0001387a       _wcstoul                   1001487a f   coredll:COREDLL.dll
 0001:00013880       _TlsCall@8                 10014880 f   coredll:COREDLL.dll
 0001:00013886       _ResumeThread@4            10014886 f   coredll:COREDLL.dll
 0001:0001388c       _CreateThread@24           1001488c f   coredll:COREDLL.dll
 0001:00013892       _TlsSetValue@8             10014892 f   coredll:COREDLL.dll
 0001:00013898       _ExitThread@4              10014898 f   coredll:COREDLL.dll
 0001:0001389e       _TlsGetValue@4             1001489e f   coredll:COREDLL.dll
 0001:000138a4       _GetTimeZoneInformation@4  100148a4 f   coredll:COREDLL.dll
 0001:000138aa       _GetFileInformationByHandle@8 100148aa f   coredll:COREDLL.dll
 0001:000138b0       _GetTextExtentExPointW@28  100148b0 f   coredll:COREDLL.dll
 0001:000138b6       _GetVersionExW@4           100148b6 f   coredll:COREDLL.dll
 0001:000138bc       _SendMessageW@16           100148bc f   coredll:COREDLL.dll
 0001:000138c2       _PostMessageW@16           100148c2 f   coredll:COREDLL.dll
 0001:000138c8       _PostThreadMessageW@16     100148c8 f   coredll:COREDLL.dll
 0001:000138ce       _PeekMessageW@20           100148ce f   coredll:COREDLL.dll
 0001:000138d4       _GetMessageW@16            100148d4 f   coredll:COREDLL.dll
 0001:000138da       _DispatchMessageW@4        100148da f   coredll:COREDLL.dll
 0001:000138e0       _CreateEventW@16           100148e0 f   coredll:COREDLL.dll
 0001:000138e6       _GetModuleFileNameW@12     100148e6 f   coredll:COREDLL.dll
 0001:000138ec       _SetWindowTextW@8          100148ec f   coredll:COREDLL.dll
 0001:000138f2       _ExtTextOutW@32            100148f2 f   coredll:COREDLL.dll
 0001:000138f8       _SystemTimeToFileTime@8    100148f8 f   coredll:COREDLL.dll
 0001:000138fe       _GetSystemTime@4           100148fe f   coredll:COREDLL.dll
 0001:00013904       _GetScrollInfo@12          10014904 f   coredll:COREDLL.dll
 0001:0001390a       _SetScrollInfo@16          1001490a f   coredll:COREDLL.dll
 0001:00013910       _AdjustWindowRectEx@16     10014910 f   coredll:COREDLL.dll
 0001:00013916       _MapVirtualKeyW@8          10014916 f   coredll:COREDLL.dll
 0001:0001391c       _GetObjectW@12             1001491c f   coredll:COREDLL.dll
 0001:00013922       _GetTextMetricsW@8         10014922 f   coredll:COREDLL.dll
 0001:00013928       _AppendMenuW@16            10014928 f   coredll:COREDLL.dll
 0001:0001392e       _CreateWindowExW@48        1001492e f   coredll:COREDLL.dll
 0001:00013934       _IsBadReadPtr@8            10014934 f   coredll:COREDLL.dll
 0001:0001393a       _GetModuleHandleW@4        1001493a f   coredll:COREDLL.dll
 0001:00013940       _LoadLibraryW@4            10014940 f   coredll:COREDLL.dll
 0001:00013946       _GetProcAddressW@8         10014946 f   coredll:COREDLL.dll
 0001:0001394c       _FindWindowW@8             1001494c f   coredll:COREDLL.dll
 0001:00013952       _atol                      10014952 f   coredll:COREDLL.dll
 0001:00013958       _strtok                    10014958 f   coredll:COREDLL.dll
 0001:0001395e       _GetTempFileNameW@16       1001495e f   coredll:COREDLL.dll
 0001:00013964       _CreatePen@12              10014964 f   coredll:COREDLL.dll
 0001:0001396a       _LoadIconW@8               1001496a f   coredll:COREDLL.dll
 0001:00013970       _GetDlgItemTextW@16        10014970 f   coredll:COREDLL.dll
 0001:00013976       _SetDlgItemTextW@12        10014976 f   coredll:COREDLL.dll
 0001:0001397c       _GetWindowLongW@8          1001497c f   coredll:COREDLL.dll
 0001:00013982       _SetWindowLongW@12         10014982 f   coredll:COREDLL.dll
 0001:00013988       _RegisterClassW@4          10014988 f   coredll:COREDLL.dll
 0001:0001398e       _UnregisterClassW@8        1001498e f   coredll:COREDLL.dll
 0001:00013994       __allmul                   10014994 f   coredll:COREDLL.dll
 0001:0001399a       _DefWindowProcW@16         1001499a f   coredll:COREDLL.dll
 0001:000139a0       _SendDlgItemMessageW@20    100149a0 f   coredll:COREDLL.dll
 0001:000139a6       _CallWindowProcW@20        100149a6 f   coredll:COREDLL.dll
 0001:000139ac       _GetTextFaceW@12           100149ac f   coredll:COREDLL.dll
 0001:000139b2       _CreateDCW@16              100149b2 f   coredll:COREDLL.dll
 0001:000139b8       _InsertMenuW@20            100149b8 f   coredll:COREDLL.dll
 0001:000139be       _GetWindowRect@8           100149be f   coredll:COREDLL.dll
 0001:000139c4       _UpdateWindow@4            100149c4 f   coredll:COREDLL.dll
 0001:000139ca       _InvalidateRect@12         100149ca f   coredll:COREDLL.dll
 0001:000139d0       _MoveWindow@24             100149d0 f   coredll:COREDLL.dll
 0001:000139d6       _DeleteObject@4            100149d6 f   coredll:COREDLL.dll
 0001:000139dc       _StretchBlt@44             100149dc f   coredll:COREDLL.dll
 0001:000139e2       _SelectObject@8            100149e2 f   coredll:COREDLL.dll
 0001:000139e8       _DeleteDC@4                100149e8 f   coredll:COREDLL.dll
 0001:000139ee       _CreateDIBSection@24       100149ee f   coredll:COREDLL.dll
 0001:000139f4       _CreateCompatibleDC@4      100149f4 f   coredll:COREDLL.dll
 0001:000139fa       _FillRect@12               100149fa f   coredll:COREDLL.dll
 0001:00013a00       _CreateSolidBrush@4        10014a00 f   coredll:COREDLL.dll
 0001:00013a06       _GetSysColor@4             10014a06 f   coredll:COREDLL.dll
 0001:00013a0c       _LocalAlloc@8              10014a0c f   coredll:COREDLL.dll
 0001:00013a12       _CreateProcessW@40         10014a12 f   coredll:COREDLL.dll
 0001:00013a18       _DialogBoxIndirectParamW@20 10014a18 f   coredll:COREDLL.dll
 0001:00013a1e       _FindResourceW@12          10014a1e f   coredll:COREDLL.dll
 0001:00013a24       _GetWindowTextLengthW@4    10014a24 f   coredll:COREDLL.dll
 0001:00013a2a       _GetMenuItemInfoW@16       10014a2a f   coredll:COREDLL.dll
 0001:00013a30       _RegisterWindowMessageW@4  10014a30 f   coredll:COREDLL.dll
 0001:00013a36       _SetClassLongW@12          10014a36 f   coredll:COREDLL.dll
 0001:00013a3c       _GetClassNameW@12          10014a3c f   coredll:COREDLL.dll
 0001:00013a42       _CopyFileW@12              10014a42 f   coredll:COREDLL.dll
 0001:00013a48       _CreateDirectoryW@8        10014a48 f   coredll:COREDLL.dll
 0001:00013a4e       _wcscpy                    10014a4e f   coredll:COREDLL.dll
 0001:00013a54       _GetFileAttributesW@4      10014a54 f   coredll:COREDLL.dll
 0001:00013a5a       _CreateFileForMappingW@28  10014a5a f   coredll:COREDLL.dll
 0001:00013a60       _DeleteFileW@4             10014a60 f   coredll:COREDLL.dll
 0001:00013a66       _SetFileAttributesW@8      10014a66 f   coredll:COREDLL.dll
 0001:00013a6c       _FindFirstFileW@8          10014a6c f   coredll:COREDLL.dll
 0001:00013a72       _wcsrchr                   10014a72 f   coredll:COREDLL.dll
 0001:00013a78       _wcscmp                    10014a78 f   coredll:COREDLL.dll
 0001:00013a7e       _FindNextFileW@8           10014a7e f   coredll:COREDLL.dll
 0001:00013a84       __allrem                   10014a84 f   coredll:COREDLL.dll
 0001:00013a8a       __aulldiv                  10014a8a f   coredll:COREDLL.dll
 0001:00013a90       _SetEndOfFile@4            10014a90 f   coredll:COREDLL.dll
 0001:00013a96       _qsort                     10014a96 f   coredll:COREDLL.dll
 0001:00013a9c       _MoveFileW@8               10014a9c f   coredll:COREDLL.dll
 0001:00013aa2       _RegCreateKeyExW@36        10014aa2 f   coredll:COREDLL.dll
 0001:00013aa8       _RegOpenKeyExW@20          10014aa8 f   coredll:COREDLL.dll
 0001:00013aae       _RegQueryValueExW@24       10014aae f   coredll:COREDLL.dll
 0001:00013ab4       _RegSetValueExW@24         10014ab4 f   coredll:COREDLL.dll
 0001:00013aba       _RegEnumValueW@32          10014aba f   coredll:COREDLL.dll
 0001:00013ac0       _RegCloseKey@4             10014ac0 f   coredll:COREDLL.dll
 0001:00013ac6       _RegDeleteKeyW@8           10014ac6 f   coredll:COREDLL.dll
 0001:00013acc       _RegEnumKeyExW@32          10014acc f   coredll:COREDLL.dll
 0001:00013ad2       _RegDeleteValueW@8         10014ad2 f   coredll:COREDLL.dll
 0001:00013ad8       _RemoveDirectoryW@4        10014ad8 f   coredll:COREDLL.dll
 0001:00013ade       _GetLocalTime@4            10014ade f   coredll:COREDLL.dll
 0001:00013ae4       _SetFileTime@16            10014ae4 f   coredll:COREDLL.dll
 0001:00013aea       _LocalFileTimeToFileTime@8 10014aea f   coredll:COREDLL.dll
 0001:00013af0       _sscanf                    10014af0 f   coredll:COREDLL.dll
 0001:00013af6       _TranslateMessage@4        10014af6 f   coredll:COREDLL.dll
 0001:00013afc       _closesocket@4             10014afc f   winsock:WINSOCKM.dll
 0001:00013b02       _recv@16                   10014b02 f   winsock:WINSOCKM.dll
 0001:00013b08       _send@16                   10014b08 f   winsock:WINSOCKM.dll
 0001:00013b0e       _getsockopt@20             10014b0e f   winsock:WINSOCKM.dll
 0001:00013b14       _socket@12                 10014b14 f   winsock:WINSOCKM.dll
 0001:00013b1a       _htonl@4                   10014b1a f   winsock:WINSOCKM.dll
 0001:00013b20       _gethostname@8             10014b20 f   winsock:WINSOCKM.dll
 0001:00013b26       _ntohs@4                   10014b26 f   winsock:WINSOCKM.dll
 0001:00013b2c       _accept@12                 10014b2c f   winsock:WINSOCKM.dll
 0001:00013b32       _listen@8                  10014b32 f   winsock:WINSOCKM.dll
 0001:00013b38       _inet_ntoa@4               10014b38 f   winsock:WINSOCKM.dll
 0001:00013b3e       _connect@12                10014b3e f   winsock:WINSOCKM.dll
 0001:00013b44       _gethostbyname@4           10014b44 f   winsock:WINSOCKM.dll
 0001:00013b4a       _bind@12                   10014b4a f   winsock:WINSOCKM.dll
 0001:00013b50       _htons@4                   10014b50 f   winsock:WINSOCKM.dll
 0001:00013b56       _getpeername@12            10014b56 f   winsock:WINSOCKM.dll
 0001:00013b5c       _getsockname@12            10014b5c f   winsock:WINSOCKM.dll
 0001:00013b62       _ioctlsocket@12            10014b62 f   winsock:WINSOCKM.dll
 0001:00013b68       _recvfrom@24               10014b68 f   winsock:WINSOCKM.dll
 0001:00013b6e       _sendto@24                 10014b6e f   winsock:WINSOCKM.dll
 0001:00013b74       _setsockopt@20             10014b74 f   winsock:WINSOCKM.dll
 0001:00013b7a       _shutdown@8                10014b7a f   winsock:WINSOCKM.dll
 0001:00013b80       _select@20                 10014b80 f   winsock:WINSOCKM.dll
 0001:00013b86       ___WSAFDIsSet@8            10014b86 f   winsock:WINSOCKM.dll
 0001:00013ba8       _exit                      10014ba8 f   corelibc:crt0dat.obj
 0002:00000000       __imp__GetProcAddressW@8   10015000     coredll:COREDLL.dll
 0002:00000004       __imp__strncat             10015004     coredll:COREDLL.dll
 0002:00000008       __imp__memmove             10015008     coredll:COREDLL.dll
 0002:0000000c       __imp__memcmp              1001500c     coredll:COREDLL.dll
 0002:00000010       __imp__memset              10015010     coredll:COREDLL.dll
 0002:00000014       __imp__strchr              10015014     coredll:COREDLL.dll
 0002:00000018       __imp__malloc              10015018     coredll:COREDLL.dll
 0002:0000001c       __imp__free                1001501c     coredll:COREDLL.dll
 0002:00000020       __imp__realloc             10015020     coredll:COREDLL.dll
 0002:00000024       __imp__MessageBoxW@16      10015024     coredll:COREDLL.dll
 0002:00000028       __imp__MultiByteToWideChar@24 10015028     coredll:COREDLL.dll
 0002:0000002c       __imp__vsprintf            1001502c     coredll:COREDLL.dll
 0002:00000030       __imp__WideCharToMultiByte@32 10015030     coredll:COREDLL.dll
 0002:00000034       __imp__GetSaveFileNameW@4  10015034     coredll:COREDLL.dll
 0002:00000038       __imp__GetOpenFileNameW@4  10015038     coredll:COREDLL.dll
 0002:0000003c       __imp__memcpy              1001503c     coredll:COREDLL.dll
 0002:00000040       __imp__SetCursor@4         10015040     coredll:COREDLL.dll
 0002:00000044       __imp__LoadCursorW@8       10015044     coredll:COREDLL.dll
 0002:00000048       __imp__OutputDebugStringW@4 10015048     coredll:COREDLL.dll
 0002:0000004c       __imp__FlushFileBuffers@4  1001504c     coredll:COREDLL.dll
 0002:00000050       __imp__WriteFile@20        10015050     coredll:COREDLL.dll
 0002:00000054       __imp__strlen              10015054     coredll:COREDLL.dll
 0002:00000058       __imp__SetFilePointer@16   10015058     coredll:COREDLL.dll
 0002:0000005c       __imp__strcat              1001505c     coredll:COREDLL.dll
 0002:00000060       __imp__sprintf             10015060     coredll:COREDLL.dll
 0002:00000064       __imp__GetCurrentThreadId@0 10015064     coredll:COREDLL.dll
 0002:00000068       __imp__wcscat              10015068     coredll:COREDLL.dll
 0002:0000006c       __imp__vswprintf           1001506c     coredll:COREDLL.dll
 0002:00000070       __imp__CreateFileW@28      10015070     coredll:COREDLL.dll
 0002:00000074       __imp__strcpy              10015074     coredll:COREDLL.dll
 0002:00000078       __imp__strcmp              10015078     coredll:COREDLL.dll
 0002:0000007c       __imp__FindClose@4         1001507c     coredll:COREDLL.dll
 0002:00000080       __imp__strncmp             10015080     coredll:COREDLL.dll
 0002:00000084       __imp__atoi                10015084     coredll:COREDLL.dll
 0002:00000088       __imp___alloca_probe       10015088     coredll:COREDLL.dll
 0002:0000008c       __imp__GetLastError@0      1001508c     coredll:COREDLL.dll
 0002:00000090       __imp__CreateFontIndirectW@4 10015090     coredll:COREDLL.dll
 0002:00000094       __imp__EnumFontFamiliesW@16 10015094     coredll:COREDLL.dll
 0002:00000098       __imp__GetTickCount@0      10015098     coredll:COREDLL.dll
 0002:0000009c       __imp__wcslen              1001509c     coredll:COREDLL.dll
 0002:000000a0       __imp__Sleep@4             100150a0     coredll:COREDLL.dll
 0002:000000a4       __imp__CloseHandle@4       100150a4     coredll:COREDLL.dll
 0002:000000a8       __imp__GetExitCodeProcess@8 100150a8     coredll:COREDLL.dll
 0002:000000ac       __imp__WaitForSingleObject@8 100150ac     coredll:COREDLL.dll
 0002:000000b0       __imp__strstr              100150b0     coredll:COREDLL.dll
 0002:000000b4       __imp__OpenProcess@12      100150b4     coredll:COREDLL.dll
 0002:000000b8       __imp__MapViewOfFile@20    100150b8     coredll:COREDLL.dll
 0002:000000bc       __imp__CreateFileMappingW@24 100150bc     coredll:COREDLL.dll
 0002:000000c0       __imp__CreateMutexW@12     100150c0     coredll:COREDLL.dll
 0002:000000c4       __imp__ReleaseMutex@4      100150c4     coredll:COREDLL.dll
 0002:000000c8       __imp__EventModify@8       100150c8     coredll:COREDLL.dll
 0002:000000cc       __imp__ReadFile@20         100150cc     coredll:COREDLL.dll
 0002:000000d0       __imp__GetCurrentProcess@0 100150d0     coredll:COREDLL.dll
 0002:000000d4       __imp__FileTimeToSystemTime@8 100150d4     coredll:COREDLL.dll
 0002:000000d8       __imp__FileTimeToLocalFileTime@8 100150d8     coredll:COREDLL.dll
 0002:000000dc       __imp___vsnprintf          100150dc     coredll:COREDLL.dll
 0002:000000e0       __imp__strncpy             100150e0     coredll:COREDLL.dll
 0002:000000e4       __imp__GetCurrentProcessId@0 100150e4     coredll:COREDLL.dll
 0002:000000e8       __imp__TerminateProcess@8  100150e8     coredll:COREDLL.dll
 0002:000000ec       __imp__GetThreadTimes@20   100150ec     coredll:COREDLL.dll
 0002:000000f0       __imp__GetCurrentThread@0  100150f0     coredll:COREDLL.dll
 0002:000000f4       __imp___alldiv             100150f4     coredll:COREDLL.dll
 0002:000000f8       __imp__wcstod              100150f8     coredll:COREDLL.dll
 0002:000000fc       __imp__wcstol              100150fc     coredll:COREDLL.dll
 0002:00000100       __imp__wcstoul             10015100     coredll:COREDLL.dll
 0002:00000104       __imp__TlsCall@8           10015104     coredll:COREDLL.dll
 0002:00000108       __imp__ResumeThread@4      10015108     coredll:COREDLL.dll
 0002:0000010c       __imp__CreateThread@24     1001510c     coredll:COREDLL.dll
 0002:00000110       __imp__TlsSetValue@8       10015110     coredll:COREDLL.dll
 0002:00000114       __imp__ExitThread@4        10015114     coredll:COREDLL.dll
 0002:00000118       __imp__TlsGetValue@4       10015118     coredll:COREDLL.dll
 0002:0000011c       __imp__GetTimeZoneInformation@4 1001511c     coredll:COREDLL.dll
 0002:00000120       __imp__GetFileInformationByHandle@8 10015120     coredll:COREDLL.dll
 0002:00000124       __imp__GetTextExtentExPointW@28 10015124     coredll:COREDLL.dll
 0002:00000128       __imp__GetVersionExW@4     10015128     coredll:COREDLL.dll
 0002:0000012c       __imp__SendMessageW@16     1001512c     coredll:COREDLL.dll
 0002:00000130       __imp__PostMessageW@16     10015130     coredll:COREDLL.dll
 0002:00000134       __imp__PostThreadMessageW@16 10015134     coredll:COREDLL.dll
 0002:00000138       __imp__PeekMessageW@20     10015138     coredll:COREDLL.dll
 0002:0000013c       __imp__GetMessageW@16      1001513c     coredll:COREDLL.dll
 0002:00000140       __imp__DispatchMessageW@4  10015140     coredll:COREDLL.dll
 0002:00000144       __imp__CreateEventW@16     10015144     coredll:COREDLL.dll
 0002:00000148       __imp__GetModuleFileNameW@12 10015148     coredll:COREDLL.dll
 0002:0000014c       __imp__SetWindowTextW@8    1001514c     coredll:COREDLL.dll
 0002:00000150       __imp__ExtTextOutW@32      10015150     coredll:COREDLL.dll
 0002:00000154       __imp__SystemTimeToFileTime@8 10015154     coredll:COREDLL.dll
 0002:00000158       __imp__GetSystemTime@4     10015158     coredll:COREDLL.dll
 0002:0000015c       __imp__GetScrollInfo@12    1001515c     coredll:COREDLL.dll
 0002:00000160       __imp__SetScrollInfo@16    10015160     coredll:COREDLL.dll
 0002:00000164       __imp__AdjustWindowRectEx@16 10015164     coredll:COREDLL.dll
 0002:00000168       __imp__MapVirtualKeyW@8    10015168     coredll:COREDLL.dll
 0002:0000016c       __imp__GetObjectW@12       1001516c     coredll:COREDLL.dll
 0002:00000170       __imp__GetTextMetricsW@8   10015170     coredll:COREDLL.dll
 0002:00000174       __imp__AppendMenuW@16      10015174     coredll:COREDLL.dll
 0002:00000178       __imp__CreateWindowExW@48  10015178     coredll:COREDLL.dll
 0002:0000017c       __imp__IsBadReadPtr@8      1001517c     coredll:COREDLL.dll
 0002:00000180       __imp__GetModuleHandleW@4  10015180     coredll:COREDLL.dll
 0002:00000184       __imp__LoadLibraryW@4      10015184     coredll:COREDLL.dll
 0002:00000188       __imp__SetLastError@4      10015188     coredll:COREDLL.dll
 0002:0000018c       __imp__FindWindowW@8       1001518c     coredll:COREDLL.dll
 0002:00000190       __imp__atol                10015190     coredll:COREDLL.dll
 0002:00000194       __imp__strtok              10015194     coredll:COREDLL.dll
 0002:00000198       __imp__GetTempFileNameW@16 10015198     coredll:COREDLL.dll
 0002:0000019c       __imp__CreatePen@12        1001519c     coredll:COREDLL.dll
 0002:000001a0       __imp__LoadIconW@8         100151a0     coredll:COREDLL.dll
 0002:000001a4       __imp__GetDlgItemTextW@16  100151a4     coredll:COREDLL.dll
 0002:000001a8       __imp__SetDlgItemTextW@12  100151a8     coredll:COREDLL.dll
 0002:000001ac       __imp__GetWindowLongW@8    100151ac     coredll:COREDLL.dll
 0002:000001b0       __imp__SetWindowLongW@12   100151b0     coredll:COREDLL.dll
 0002:000001b4       __imp__RegisterClassW@4    100151b4     coredll:COREDLL.dll
 0002:000001b8       __imp__UnregisterClassW@8  100151b8     coredll:COREDLL.dll
 0002:000001bc       __imp___allmul             100151bc     coredll:COREDLL.dll
 0002:000001c0       __imp__DefWindowProcW@16   100151c0     coredll:COREDLL.dll
 0002:000001c4       __imp__SendDlgItemMessageW@20 100151c4     coredll:COREDLL.dll
 0002:000001c8       __imp__CallWindowProcW@20  100151c8     coredll:COREDLL.dll
 0002:000001cc       __imp__GetTextFaceW@12     100151cc     coredll:COREDLL.dll
 0002:000001d0       __imp__CreateDCW@16        100151d0     coredll:COREDLL.dll
 0002:000001d4       __imp__InsertMenuW@20      100151d4     coredll:COREDLL.dll
 0002:000001d8       __imp__GetWindowRect@8     100151d8     coredll:COREDLL.dll
 0002:000001dc       __imp__UpdateWindow@4      100151dc     coredll:COREDLL.dll
 0002:000001e0       __imp__InvalidateRect@12   100151e0     coredll:COREDLL.dll
 0002:000001e4       __imp__MoveWindow@24       100151e4     coredll:COREDLL.dll
 0002:000001e8       __imp__DeleteObject@4      100151e8     coredll:COREDLL.dll
 0002:000001ec       __imp__StretchBlt@44       100151ec     coredll:COREDLL.dll
 0002:000001f0       __imp__SelectObject@8      100151f0     coredll:COREDLL.dll
 0002:000001f4       __imp__DeleteDC@4          100151f4     coredll:COREDLL.dll
 0002:000001f8       __imp__CreateDIBSection@24 100151f8     coredll:COREDLL.dll
 0002:000001fc       __imp__CreateCompatibleDC@4 100151fc     coredll:COREDLL.dll
 0002:00000200       __imp__FillRect@12         10015200     coredll:COREDLL.dll
 0002:00000204       __imp__CreateSolidBrush@4  10015204     coredll:COREDLL.dll
 0002:00000208       __imp__GetSysColor@4       10015208     coredll:COREDLL.dll
 0002:0000020c       __imp__LocalAlloc@8        1001520c     coredll:COREDLL.dll
 0002:00000210       __imp__CreateProcessW@40   10015210     coredll:COREDLL.dll
 0002:00000214       __imp__DialogBoxIndirectParamW@20 10015214     coredll:COREDLL.dll
 0002:00000218       __imp__FindResourceW@12    10015218     coredll:COREDLL.dll
 0002:0000021c       __imp__GetWindowTextLengthW@4 1001521c     coredll:COREDLL.dll
 0002:00000220       __imp__GetMenuItemInfoW@16 10015220     coredll:COREDLL.dll
 0002:00000224       __imp__RegisterWindowMessageW@4 10015224     coredll:COREDLL.dll
 0002:00000228       __imp__SetClassLongW@12    10015228     coredll:COREDLL.dll
 0002:0000022c       __imp__GetClassNameW@12    1001522c     coredll:COREDLL.dll
 0002:00000230       __imp__CopyFileW@12        10015230     coredll:COREDLL.dll
 0002:00000234       __imp__CreateDirectoryW@8  10015234     coredll:COREDLL.dll
 0002:00000238       __imp__wcscpy              10015238     coredll:COREDLL.dll
 0002:0000023c       __imp__GetFileAttributesW@4 1001523c     coredll:COREDLL.dll
 0002:00000240       __imp__CreateFileForMappingW@28 10015240     coredll:COREDLL.dll
 0002:00000244       __imp__DeleteFileW@4       10015244     coredll:COREDLL.dll
 0002:00000248       __imp__SetFileAttributesW@8 10015248     coredll:COREDLL.dll
 0002:0000024c       __imp__FindFirstFileW@8    1001524c     coredll:COREDLL.dll
 0002:00000250       __imp__wcsrchr             10015250     coredll:COREDLL.dll
 0002:00000254       __imp__wcscmp              10015254     coredll:COREDLL.dll
 0002:00000258       __imp__FindNextFileW@8     10015258     coredll:COREDLL.dll
 0002:0000025c       __imp___allrem             1001525c     coredll:COREDLL.dll
 0002:00000260       __imp___aulldiv            10015260     coredll:COREDLL.dll
 0002:00000264       __imp__SetEndOfFile@4      10015264     coredll:COREDLL.dll
 0002:00000268       __imp__qsort               10015268     coredll:COREDLL.dll
 0002:0000026c       __imp__MoveFileW@8         1001526c     coredll:COREDLL.dll
 0002:00000270       __imp__RegCreateKeyExW@36  10015270     coredll:COREDLL.dll
 0002:00000274       __imp__RegOpenKeyExW@20    10015274     coredll:COREDLL.dll
 0002:00000278       __imp__RegQueryValueExW@24 10015278     coredll:COREDLL.dll
 0002:0000027c       __imp__RegSetValueExW@24   1001527c     coredll:COREDLL.dll
 0002:00000280       __imp__RegEnumValueW@32    10015280     coredll:COREDLL.dll
 0002:00000284       __imp__RegCloseKey@4       10015284     coredll:COREDLL.dll
 0002:00000288       __imp__RegDeleteKeyW@8     10015288     coredll:COREDLL.dll
 0002:0000028c       __imp__RegEnumKeyExW@32    1001528c     coredll:COREDLL.dll
 0002:00000290       __imp__RegDeleteValueW@8   10015290     coredll:COREDLL.dll
 0002:00000294       __imp__RemoveDirectoryW@4  10015294     coredll:COREDLL.dll
 0002:00000298       __imp__GetLocalTime@4      10015298     coredll:COREDLL.dll
 0002:0000029c       __imp__SetFileTime@16      1001529c     coredll:COREDLL.dll
 0002:000002a0       __imp__LocalFileTimeToFileTime@8 100152a0     coredll:COREDLL.dll
 0002:000002a4       __imp__sscanf              100152a4     coredll:COREDLL.dll
 0002:000002a8       __imp__TranslateMessage@4  100152a8     coredll:COREDLL.dll
 0002:000002ac       \177COREDLL_NULL_THUNK_DATA 100152ac     coredll:COREDLL.dll
 0002:000002b0       __imp__gethostbyname@4     100152b0     winsock:WINSOCKM.dll
 0002:000002b4       __imp__recv@16             100152b4     winsock:WINSOCKM.dll
 0002:000002b8       __imp__send@16             100152b8     winsock:WINSOCKM.dll
 0002:000002bc       __imp__getsockopt@20       100152bc     winsock:WINSOCKM.dll
 0002:000002c0       __imp__socket@12           100152c0     winsock:WINSOCKM.dll
 0002:000002c4       __imp__htonl@4             100152c4     winsock:WINSOCKM.dll
 0002:000002c8       __imp__gethostname@8       100152c8     winsock:WINSOCKM.dll
 0002:000002cc       __imp__ntohs@4             100152cc     winsock:WINSOCKM.dll
 0002:000002d0       __imp__accept@12           100152d0     winsock:WINSOCKM.dll
 0002:000002d4       __imp__listen@8            100152d4     winsock:WINSOCKM.dll
 0002:000002d8       __imp__inet_ntoa@4         100152d8     winsock:WINSOCKM.dll
 0002:000002dc       __imp__connect@12          100152dc     winsock:WINSOCKM.dll
 0002:000002e0       __imp__closesocket@4       100152e0     winsock:WINSOCKM.dll
 0002:000002e4       __imp__bind@12             100152e4     winsock:WINSOCKM.dll
 0002:000002e8       __imp__htons@4             100152e8     winsock:WINSOCKM.dll
 0002:000002ec       __imp__getpeername@12      100152ec     winsock:WINSOCKM.dll
 0002:000002f0       __imp__getsockname@12      100152f0     winsock:WINSOCKM.dll
 0002:000002f4       __imp__ioctlsocket@12      100152f4     winsock:WINSOCKM.dll
 0002:000002f8       __imp__recvfrom@24         100152f8     winsock:WINSOCKM.dll
 0002:000002fc       __imp__sendto@24           100152fc     winsock:WINSOCKM.dll
 0002:00000300       __imp__setsockopt@20       10015300     winsock:WINSOCKM.dll
 0002:00000304       __imp__shutdown@8          10015304     winsock:WINSOCKM.dll
 0002:00000308       __imp__select@20           10015308     winsock:WINSOCKM.dll
 0002:0000030c       __imp____WSAFDIsSet@8      1001530c     winsock:WINSOCKM.dll
 0002:00000310       \177WINSOCKM_NULL_THUNK_DATA 10015310     winsock:WINSOCKM.dll
 0002:00000314       __XCE_ctype_               10015314     cectype.obj
 0002:00000418       __XCE_tolower_             10015418     cectype.obj
 0002:0000061c       __XCE_toupper_             1001561c     cectype.obj
 0002:000008b8       ___dnames                  100158b8     time.obj
 0002:000008d0       ___mnames                  100158d0     time.obj
 0002:000008f8       __IMPORT_DESCRIPTOR_COREDLL 100158f8     coredll:COREDLL.dll
 0002:0000090c       __IMPORT_DESCRIPTOR_WINSOCKM 1001590c     winsock:WINSOCKM.dll
 0002:00000920       __NULL_IMPORT_DESCRIPTOR   10015920     coredll:COREDLL.dll
 0003:00000000       ___xc_a                    10016000     corelibc:crt0init.obj
 0003:00000004       ___xc_z                    10016004     corelibc:crt0init.obj
 0003:00000008       ___xi_a                    10016008     corelibc:crt0init.obj
 0003:0000000c       ___xi_z                    1001600c     corelibc:crt0init.obj
 0003:00000010       ___xp_a                    10016010     corelibc:crt0init.obj
 0003:00000014       ___xp_z                    10016014     corelibc:crt0init.obj
 0003:00000018       ___xt_a                    10016018     corelibc:crt0init.obj
 0003:0000001c       ___xt_z                    1001601c     corelibc:crt0init.obj
 0003:00000120       __xce_ctype_               10016120     cectype.obj
 0003:00000124       __xce_tolower_tab_         10016124     cectype.obj
 0003:00000128       __xce_toupper_tab_         10016128     cectype.obj
 0003:000001ec       __error_list               100161ec     ceerrno.obj
 0003:00000980       _german_keyboard           10016980     cekeyboard.obj
 0003:000018e0       ___tlsindex                100178e0     cethread.obj
 0003:00002c14       __timezone                 10018c14     time.obj
 0003:00002c18       __daylight                 10018c18     time.obj
 0003:00002c1c       __dstbias                  10018c1c     time.obj
 0003:00002ca0       __lpdays                   10018ca0     time.obj
 0003:00002cd4       __days                     10018cd4     time.obj
 0003:00002d08       __tzname                   10018d08     time.obj
 0003:00003880       ___xcetrace                10019880     cedebug.obj
 0003:000047fc       ___LogOpened               1001a7fc     syslog.obj
 0003:00004c80       _terminal_termios          1001ac80     <common>
 0003:00004c94       ___LogTag                  1001ac94     <common>
 0003:00004c98       ___LogStat                 1001ac98     <common>
 0003:00004c9c       __errormode                1001ac9c     <common>
 0003:00004ca0       ___umask                   1001aca0     <common>
 0003:00004ca4       _palm_stderr               1001aca4     <common>
 0003:00004ca8       _palm_stdout               1001aca8     <common>
 0003:00004cac       _palm_stdin                1001acac     <common>
 0003:00004cc0       _palm_files                1001acc0     <common>
 0003:00004e60       __sighandlers              1001ae60     <common>
 0003:00004ec0       _xcelocal_procstart        1001aec0     <common>
 0003:00005750       _console_write_func        1001b750     <common>
 0003:00005754       _console_read_func         1001b754     <common>
 0003:00005758       _console_hwnd              1001b758     <common>
 0003:00005760       __fdtab                    1001b760     <common>
 0003:00005da0       _console_ioctl_func        1001bda0     <common>
 0003:00005da4       __commandline              1001bda4     <common>
 0003:00005da8       ___xceargv                 1001bda8     <common>
 0003:00005dac       ___xceargc                 1001bdac     <common>
 0003:00005db0       _environ                   1001bdb0     <common>
 0003:00005db4       ___xceenviron              1001bdb4     <common>
 0003:00005db8       ___progname                1001bdb8     <common>
 0003:00005dbc       ___xcetracefile            1001bdbc     <common>
 0003:00005dc0       __exitflag                 1001bdc0     <common>
 0003:00005dc4       ___onexitend               1001bdc4     <common>
 0003:00005dc8       ___onexitbegin             1001bdc8     <common>

 entry point at        0000:00000000

 Static symbols

 0001:00011933       _cvtdate                   10012933 f   tzset.obj
 0001:0000ff8a       _rresvport                 10010f8a f   rexec.obj
 0001:0000f410       _rresvport                 10010410 f   rcmd.obj
 0001:0000e6f6       __make_time_t              1000f6f6 f   mktime.obj
 0001:0000c79e       _globexp1                  1000d79e f   glob.obj
 0001:0000c876       _globexp2                  1000d876 f   glob.obj
 0001:0000cc91       _glob0                     1000dc91 f   glob.obj
 0001:0000d051       _globtilde                 1000e051 f   glob.obj
 0001:0000d208       _compare                   1000e208 f   glob.obj
 0001:0000d265       _glob1                     1000e265 f   glob.obj
 0001:0000d2e4       _glob2                     1000e2e4 f   glob.obj
 0001:0000d4ea       _glob3                     1000e4ea f   glob.obj
 0001:0000d78e       _globextend                1000e78e f   glob.obj
 0001:0000d912       _match                     1000e912 f   glob.obj
 0001:0000dc10       _g_opendir                 1000ec10 f   glob.obj
 0001:0000dcd8       _g_lstat                   1000ecd8 f   glob.obj
 0001:0000dda8       _g_strchr                  1000eda8 f   glob.obj
 0001:0000ddf8       _g_Ctoc                    1000edf8 f   glob.obj
 0001:0000be53       _foldcase                  1000ce53 f   fnmatch.obj
 0001:0000be8a       _rangematch                1000ce8a f   fnmatch.obj
 0001:0000085b       _XCEFileNameNameDlg        1000185b f   cecommdlg.obj
 0001:00000521       _argv_append1              10001521 f   ceargv.obj
 0001:00000646       _argv_append2              10001646 f   ceargv.obj
 0001:00000200       _store_dt                  10001200 f   asctime.obj
 0001:00013b8c       __initterm@8               10014b8c f   corelibc:crt0dat.obj
 0001:00013bb6       _doexit@12                 10014bb6 f   corelibc:crt0dat.obj
